18:03:39 **** Incremental Build of configuration Debug for project StepMotor_Control ****
make -j12 all 
arm-none-eabi-gcc "../Core/Src/main.c" -mcpu=cortex-m0plus -std=gnu11 -g3 -DUSE_HAL_DRIVER -DSTM32L010xB -DDEBUG -c -I../Core/Inc -I../Drivers/STM32L0xx_HAL_Driver/Inc -I../Drivers/STM32L0xx_HAL_Driver/Inc/Legacy -I../Drivers/CMSIS/Device/ST/STM32L0xx/Include -I../Drivers/CMSIS/Include -O0 -ffunction-sections -fdata-sections -Wall -fstack-usage -MMD -MP -MF"Core/Src/main.d" -MT"Core/Src/main.o" --specs=nano.specs -mfloat-abi=soft -mthumb -o "Core/Src/main.o"
arm-none-eabi-gcc -o "StepMotor_Control.elf" @"objects.list"   -mcpu=cortex-m0plus -T"C:\Users\mucah\Desktop\MCU Courses\Low_power_MCU\StepMotor_Control\STM32L010RBTX_FLASH.ld" --specs=nosys.specs -Wl,-Map="StepMotor_Control.map" -Wl,--gc-sections -static --specs=nano.specs -mfloat-abi=soft -mthumb -Wl,--start-group -lc -lm -Wl,--end-group
Finished building target: StepMotor_Control.elf
 
arm-none-eabi-objdump -h -S  StepMotor_Control.elf  > "StepMotor_Control.list"
arm-none-eabi-objcopy  -O binary  StepMotor_Control.elf  "StepMotor_Control.bin"
arm-none-eabi-size   StepMotor_Control.elf 
   text	   data	    bss	    dec	    hex	filename
   8916	     20	   1636	  10572	   294c	StepMotor_Control.elf
Finished building: default.size.stdout
 
Finished building: StepMotor_Control.bin
Finished building: StepMotor_Control.list
 
 

18:03:40 Build Finished. 0 errors, 0 warnings. (took 894ms)

